// Vitest Snapshot v1

exports[`parses mixed React and non-React functions 1`] = `
[
  {
    "description": "Print text in a div",
    "displayName": "MyComponent",
    "filePath": "/Users/jasonkurian/src/github.com/jakxz/react-docgen-typescript/src/__tests__/data/mixed/UtilityFunctionAndReactComponent.tsx",
    "methods": [],
    "props": {
      "text": {
        "declarations": [
          {
            "fileName": "react-docgen-typescript/src/__tests__/data/mixed/UtilityFunctionAndReactComponent.tsx",
            "name": "Props",
          },
        ],
        "defaultValue": null,
        "description": "",
        "name": "text",
        "parent": {
          "fileName": "react-docgen-typescript/src/__tests__/data/mixed/UtilityFunctionAndReactComponent.tsx",
          "name": "Props",
        },
        "required": true,
        "type": {
          "name": "string",
        },
      },
    },
    "tags": {},
  },
  {
    "description": "get the sum of 2 numbers",
    "displayName": "add",
    "filePath": "/Users/jasonkurian/src/github.com/jakxz/react-docgen-typescript/src/__tests__/data/mixed/UtilityFunctionAndReactComponent.tsx",
    "methods": [],
    "params": [
      {
        "description": "the magical first number",
        "name": "a",
        "type": "number",
      },
      {
        "description": "boring second number",
        "name": "b",
        "type": "number",
      },
    ],
    "props": {},
    "returns": "string",
    "tags": {
      "param": "a the magical first number
b boring second number",
    },
  },
]
`;
